# generated on Fri Oct 10 12:44:11 2025
# Top Cell: SYS_TOP

------------------------------------------------------------
          timeDesign Summary                             
------------------------------------------------------------

+--------------------+---------+---------+---------+---------+---------+---------+
|     Hold mode      |   all   | reg2reg | in2reg  | reg2out | in2out  | clkgate |
+--------------------+---------+---------+---------+---------+---------+---------+
|           WNS (ns):|  0.015  |  0.015  |  0.134  |  2.194  |   N/A   |  0.234  |
|           TNS (ns):|  0.000  |  0.000  |  0.000  |  0.000  |   N/A   |  0.000  |
|    Violating Paths:|    0    |    0    |    0    |    0    |   N/A   |    0    |
|          All Paths:|   897   |   885   |   314   |    6    |   N/A   |    1    |
+--------------------+---------+---------+---------+---------+---------+---------+

Density: 75.439%
Routing Overflow: 0.00% H and 0.50% V
------------------------------------------------------------
